
  You can now view your Streamlit app in your browser.

  Local URL: http://localhost:8501
  Network URL: http://192.168.1.15:8501
  External URL: http://223.233.82.50:8501

/home/prathameshpendkar/Desktop/soc_ip_dashboard/venv/lib/python3.10/site-packages/google/api_core/_python_version_support.py:275: FutureWarning: You are using a Python version (3.10.12) which Google will stop supporting in new releases of google.api_core once it reaches its end of life (2026-10-04). Please upgrade to the latest Python version, or at least Python 3.11, to continue receiving updates for google.api_core past that date.
  warnings.warn(message, FutureWarning)
2026-02-21 18:51:47,953 INFO googleapiclient.discovery_cache - file_cache is only supported with oauth2client<4.0.0
2026-02-21 18:51:48,198 INFO whitelist - Loaded whitelist: 75 individual IPs, 1963 CIDR blocks
2026-02-21 18:52:01,686 INFO googleapiclient.discovery_cache - file_cache is only supported with oauth2client<4.0.0
2026-02-21 18:52:17,616 INFO google_auth_oauthlib.flow - "GET /?state=KwIy9YkBB8R3Yg0V9Hpn8P4WfjbA0k&code=4/0AfrIepASpAdmGdug8Ka_OGk6yYHYLBsoZhCMqpo2MTSA4Wt-cvJrEUNVvyGHZtzx-bjLHQ&scope=email%20https://www.googleapis.com/auth/gmail.send%20https://www.googleapis.com/auth/userinfo.email%20openid&authuser=1&prompt=consent HTTP/1.1" 200 65
2026-02-21 18:52:17,847 INFO googleapiclient.discovery_cache - file_cache is only supported with oauth2client<4.0.0
2026-02-21 18:52:18,094 INFO googleapiclient.discovery_cache - file_cache is only supported with oauth2client<4.0.0
2026-02-21 18:52:18,294 INFO whitelist - Loaded whitelist: 75 individual IPs, 1963 CIDR blocks
Please visit this URL to authorize this application: https://accounts.google.com/o/oauth2/auth?response_type=code&client_id=52127213449-d84vurei6nqbos20v4bfvesgb8o9h30k.apps.googleusercontent.com&redirect_uri=http%3A%2F%2Flocalhost%3A33089%2F&scope=openid+https%3A%2F%2Fwww.googleapis.com%2Fauth%2Fuserinfo.email+https%3A%2F%2Fwww.googleapis.com%2Fauth%2Fgmail.send&state=KwIy9YkBB8R3Yg0V9Hpn8P4WfjbA0k&access_type=offline
  Stopping...
  Stopping...
Exception ignored in: <module 'threading' from '/usr/lib/python3.10/threading.py'>
Traceback (most recent call last):
  File "/usr/lib/python3.10/threading.py", line 1537, in _shutdown
    atexit_call()
  File "/usr/lib/python3.10/concurrent/futures/thread.py", line 31, in _python_exit
    t.join()
  File "/usr/lib/python3.10/threading.py", line 1096, in join
    self._wait_for_tstate_lock()
  File "/usr/lib/python3.10/threading.py", line 1116, in _wait_for_tstate_lock
    if lock.acquire(block, timeout):
  File "/home/prathameshpendkar/Desktop/soc_ip_dashboard/venv/lib/python3.10/site-packages/streamlit/web/bootstrap.py", line 43, in signal_handler
    server.stop()
  File "/home/prathameshpendkar/Desktop/soc_ip_dashboard/venv/lib/python3.10/site-packages/streamlit/web/server/server.py", line 535, in stop
    self._runtime.stop()
  File "/home/prathameshpendkar/Desktop/soc_ip_dashboard/venv/lib/python3.10/site-packages/streamlit/runtime/runtime.py", line 355, in stop
    async_objs.eventloop.call_soon_threadsafe(stop_on_eventloop)
  File "/usr/lib/python3.10/asyncio/base_events.py", line 798, in call_soon_threadsafe
    self._check_closed()
  File "/usr/lib/python3.10/asyncio/base_events.py", line 515, in _check_closed
    raise RuntimeError('Event loop is closed')
RuntimeError: Event loop is closed
